tests/order/test_poset_scaffold.sage
tests/test_version.sage
tests/algebra/test_magma_scaffold.sage
tests/algebra/test_additive_biproduct_owner.sage
tests/algebra/test_module_scaffold.sage
tests/algebra/test_named_operations_scaffold.sage
tests/algebra/test_monoid_scaffold.sage
tests/algebra/test_bimodule_scaffold.sage
tests/algebra/test_group_scaffold.sage
tests/algebra/test_abelian_coequalizer_scaffold.sage
tests/algebra/test_relative_tensor_maps_scaffold.sage
tests/algebra/test_ring_scaffold.sage
tests/algebra/test_ring_module_scaffold.sage
tests/algebra/test_integer_ring_scaffold.sage
tests/algebra/test_named_functor_calculus.sage
tests/algebra/test_bimodule_tensor_monoidal_scaffold.sage
tests/algebra/test_matrix_ring_scaffold.sage
tests/algebra/test_module_transport_owners.sage
tests/algebra/test_abelian_tensor_scaffold.sage
tests/algebra/test_named_group_inverse.sage
tests/algebra/test_semiring_scaffold.sage
tests/algebra/test_relative_tensor_scaffold.sage
tests/sets/test_set_scaffold.sage
tests/kernel/test_m3_properties_queries_refinement.sage
tests/kernel/test_monoidal_structure.sage
tests/kernel/test_universal_constructions.sage
tests/kernel/test_composite_inheritance.sage
tests/kernel/test_m5_vertical_witnesses.sage
tests/kernel/test_named_set_declaration.sage
tests/kernel/test_exact_derived_category_implementation.sage
tests/kernel/test_intrinsic_universal_presentations.sage
tests/kernel/test_indexed_constructions.sage
tests/kernel/test_m2_cat_core.sage
tests/kernel/test_core_public_consumers.sage
tests/kernel/test_categorical_calculus.sage
tests/kernel/test_m1_sage_runtime.sage
tests/kernel/test_regular_relations.sage
tests/kernel/test_cat_construction_consumers.sage
tests/kernel/test_owned_point_categories.sage
tests/kernel/test_lifted_limits.sage
tests/kernel/test_chosen_enumeration_consumers.sage
tests/kernel/test_weighted_universal_maps.sage
tests/kernel/test_universal_arrow_calculus.sage
tests/kernel/test_concrete_categories.sage
tests/kernel/test_profunctor_composition.sage
tests/kernel/test_predicate_set_subobjects.sage
=============================
=== Running: mypy static type analysis (Sage-aware) ===
# Type checks Python and preparsed Sage files
# Preparsing 46 Sage file(s) for mypy
